Drill report for musicplayer-frfr.kicad_pcb
Created on 2026-08-19T21:14:16

Copper Layer Stackup:
    =============================================================
    L1 :  F.Cu                      front
    L2 :  B.Cu                      back


Drill file 'musicplayer-frfr-PTH-drl.gbr' contains
    plated through holes:
    =============================================================
    T1  0.200mm  0.0079"  (6 holes))
    T2  0.300mm  0.0118"  (47 holes))
    T3  0.750mm  0.0295"  (2 holes))
    T4  0.762mm  0.0300"  (16 holes))
    T5  0.800mm  0.0315"  (6 holes))
    T6  1.000mm  0.0394"  (9 holes))
    T7  1.100mm  0.0433"  (12 holes))
    T8  1.500mm  0.0591"  (2 holes)  (with 2 slots)

    Total plated holes count 100


Drill file 'musicplayer-frfr-NPTH-drl.gbr' contains
    unplated through holes:
    =============================================================
    T1  1.700mm  0.0669"  (2 holes))

    Total unplated holes count 2
